ARM Linker, RVCT3.1 [Build 934] for uVision [Standard]

================================================================================

Section Cross References

    lpc_api.o(.text) refers to lpc_api.o(.data) for .data
    lpc_api.o(.text) refers to lpc_api.o(.bss) for .bss
    lpc_arm922t_cp15_driver.o(.text) refers to lpc_arm922t_cp15_driver.o(.data) for .data
    lpc_bmp.o(.text) refers to lpc_heap.o(.text) for lpc_new
    lpc_fat16.o(.text) refers to lpc_heap.o(.text) for lpc_new
    lpc_fat16.o(.text) refers to lpc_fat16_private.o(.text) for fat16_moveto
    lpc_fat16.o(.text) refers to aeabi_sdiv.o(.text_udiv) for __aeabi_uidivmod
    lpc_heap.o(.text) refers to lpc_heap.o(.data) for .data
    lpc_helvr10.o(.constdata) refers to lpc_helvr10.o(.data) for helvr10_bits
    lpc_helvr10.o(.constdata) refers to lpc_helvr10.o(.data) for helvR10_width
    lpc_lbecc.o(.text) refers to lpc_lbecc.o(.bss) for .bss
    lpc_line_parser.o(.text) refers to lpc_line_parser.o(.data) for .data
    lpc_line_parser.o(.text) refers to lpc_line_parser.o(.bss) for .bss
    lpc_rom8x8.o(.constdata) refers to lpc_rom8x8.o(.data) for rom8x8_bits
    lpc_rom8x8.o(.constdata) refers to lpc_rom8x8.o(.data) for rom8x8_width
    lpc_rom8x16.o(.constdata) refers to lpc_rom8x16.o(.data) for rom8x16_bits
    lpc_rom8x16.o(.constdata) refers to lpc_rom8x16.o(.data) for rom8x16_width
    lpc_string.o(.text) refers to aeabi_sdiv.o(.text_udiv) for __aeabi_uidivmod
    lpc_swim.o(.text) refers to aeabi_sdiv.o(.text) for __aeabi_idivmod
    lpc_swim.o(.text) refers to lpc_helvr10.o(.constdata) for font_helvr10
    lpc_swim_font.o(.text) refers to lpc_swim.o(.text) for swim_put_box
    lpc_swim_image.o(.text) refers to aeabi_sdiv.o(.text) for __aeabi_idivmod
    lpc_winfreesystem14x16.o(.constdata) refers to lpc_winfreesystem14x16.o(.data) for winfreesystem14x16_bits
    lpc_winfreesystem14x16.o(.constdata) refers to lpc_winfreesystem14x16.o(.data) for winfreesystem14x16_width
    lpc_x5x7.o(.constdata) refers to lpc_x5x7.o(.data) for x5x7_bits
    lpc_x5x7.o(.constdata) refers to lpc_x5x7.o(.data) for x5x7_width
    lpc_x6x13.o(.constdata) refers to lpc_x6x13.o(.data) for x6x13_bits
    lpc_x6x13.o(.constdata) refers to lpc_x6x13.o(.data) for x6x13_width
    lpc32xx_clkpwr_driver.o(.text) refers to lludiv5.o(.text) for __aeabi_uldivmod
    lpc32xx_clkpwr_driver.o(.text) refers to aeabi_sdiv.o(.text_udiv) for __aeabi_uidivmod
    lpc32xx_clkpwr_driver.o(.text) refers to lpc32xx_clkpwr_driver.o(.data) for .data
    lpc32xx_hstimer_driver.o(.text) refers to lpc32xx_clkpwr_driver.o(.text) for clkpwr_get_clock_rate
    lpc32xx_hstimer_driver.o(.text) refers to lludiv5.o(.text) for __aeabi_uldivmod
    lpc32xx_hstimer_driver.o(.text) refers to lpc32xx_hstimer_driver.o(.data) for .data
    lpc32xx_hsuart_driver.o(.text) refers to lpc32xx_clkpwr_driver.o(.text) for clkpwr_get_base_clock_rate
    lpc32xx_hsuart_driver.o(.text) refers to aeabi_sdiv.o(.text_udiv) for __aeabi_uidivmod
    lpc32xx_hsuart_driver.o(.text) refers to lpc32xx_intc_driver.o(.text) for int_install_irq_handler
    lpc32xx_hsuart_driver.o(.text) refers to lpc32xx_hsuart_driver.o(.bss) for .bss
    lpc32xx_intc_driver.o(.text) refers to lpc_arm922t_cp15_driver.o(.text) for cp15_get_mmu_control_reg
    lpc32xx_intc_driver.o(.text) refers to lpc32xx_intc_driver.o(.data) for .data
    lpc32xx_intc_driver.o(.text) refers to lpc32xx_vectors.o(.text) for lpc32xx_reset_vector
    lpc32xx_intc_driver.o(.text) refers to lpc32xx_intc_driver.o(.bss) for .bss
    lpc32xx_mlcnand_driver.o(.text) refers to lpc32xx_dma_driver.o(.text) for dma_get_base
    lpc32xx_mlcnand_driver.o(.text) refers to lpc32xx_clkpwr_driver.o(.text) for clkpwr_setup_nand_ctrlr
    lpc32xx_mlcnand_driver.o(.text) refers to lpc32xx_intc_driver.o(.text) for int_install_irq_handler
    lpc32xx_mlcnand_driver.o(.text) refers to lpc32xx_mlcnand_driver.o(.data) for .data
    lpc32xx_mlcnand_driver.o(.text) refers to lpc32xx_mlcnand_driver.o(.bss) for .bss
    lpc32xx_mstimer_driver.o(.text) refers to aeabi_sdiv.o(.text_udiv) for __aeabi_uidivmod
    lpc32xx_mstimer_driver.o(.text) refers to lpc32xx_mstimer_driver.o(.data) for .data
    lpc32xx_sdcard_driver.o(.text) refers to lpc32xx_dma_driver.o(.text) for dma_alloc_channel
    lpc32xx_sdcard_driver.o(.text) refers to lpc32xx_intc_driver.o(.text) for int_enable
    lpc32xx_sdcard_driver.o(.text) refers to rt_memcpy_w.o(.text) for __aeabi_memcpy4
    lpc32xx_sdcard_driver.o(.text) refers to lpc32xx_clkpwr_driver.o(.text) for clkpwr_setup_mcard_ctrlr
    lpc32xx_sdcard_driver.o(.text) refers to aeabi_sdiv.o(.text_udiv) for __aeabi_uidivmod
    lpc32xx_sdcard_driver.o(.text) refers to lpc32xx_sdcard_driver.o(.bss) for .bss
    lpc32xx_spi_driver.o(.text) refers to lpc32xx_clkpwr_driver.o(.text) for clkpwr_get_clock_rate
    lpc32xx_spi_driver.o(.text) refers to aeabi_sdiv.o(.text_udiv) for __aeabi_uidivmod
[...]
    .data                                    0x0000e848   Section        1  phy3250_nand.o(.data)
    .data                                    0x0000e849   Section      117  s1l_bootmgr.o(.data)
    bdat_msg                                 0x0000e849   Data          13  s1l_bootmgr.o(.data)
    kp_msg                                   0x0000e856   Data          44  s1l_bootmgr.o(.data)
    cfggdef_msg                              0x0000e882   Data          35  s1l_bootmgr.o(.data)
    nanderr_msg                              0x0000e8a5   Data          25  s1l_bootmgr.o(.data)
    .data                                    0x0000e8c0   Section      240  s1l_cmds.o(.data)
    errorgrp_msg                             0x0000e8c0   Data          23  s1l_cmds.o(.data)
    errorcmd_msg                             0x0000e8d7   Data          23  s1l_cmds.o(.data)
    errorparse_msg                           0x0000e8ee   Data          40  s1l_cmds.o(.data)
    helperr_msg                              0x0000e916   Data         135  s1l_cmds.o(.data)
    group_list_head                          0x0000e9a0   Data          16  s1l_cmds.o(.data)
    .data                                    0x0000e9b0   Section        8  s1l_cmds.o(.data)
    cmd_help_plist                           0x0000e9b0   Data           8  s1l_cmds.o(.data)
    .data                                    0x0000e9b8   Section       24  s1l_cmds.o(.data)
    cmd_list_head                            0x0000e9b8   Data          24  s1l_cmds.o(.data)
    .data                                    0x0000e9d0   Section     1192  s1l_cmds_core.o(.data)
    last_addr                                0x0000e9d0   Data           4  s1l_cmds_core.o(.data)
    last_width                               0x0000e9d4   Data           4  s1l_cmds_core.o(.data)
    dump_addr                                0x0000e9d8   Data           4  s1l_cmds_core.o(.data)
    dump_width                               0x0000e9dc   Data           4  s1l_cmds_core.o(.data)
    dump_trans                               0x0000e9e0   Data           4  s1l_cmds_core.o(.data)
    absrcraw_msg                             0x0000e9e4   Data           4  s1l_cmds_core.o(.data)
    absrcnbin_msg                            0x0000e9e8   Data           4  s1l_cmds_core.o(.data)
    absrcelf_msg                             0x0000e9ec   Data           4  s1l_cmds_core.o(.data)
    ftnone_msg                               0x0000e9f0   Data           5  s1l_cmds_core.o(.data)
    absrcsrec_msg                            0x0000e9f5   Data           5  s1l_cmds_core.o(.data)
    and                                      0x0000e9fa   Data           6  s1l_cmds_core.o(.data)
    ftimage_msg                              0x0000ea00   Data           6  s1l_cmds_core.o(.data)
    absrcnand_msg                            0x0000ea06   Data           6  s1l_cmds_core.o(.data)
    fteaddrunk_msg                           0x0000ea0c   Data           8  s1l_cmds_core.o(.data)
    core_peek_cmd                            0x0000ea14   Data          24  s1l_cmds_core.o(.data)
    core_poke_cmd                            0x0000ea2c   Data          24  s1l_cmds_core.o(.data)
    core_dump_cmd                            0x0000ea44   Data          24  s1l_cmds_core.o(.data)
    core_fill_cmd                            0x0000ea5c   Data          24  s1l_cmds_core.o(.data)
    core_memtst_cmd                          0x0000ea74   Data          24  s1l_cmds_core.o(.data)
    core_bwtest_cmd                          0x0000ea8c   Data          24  s1l_cmds_core.o(.data)
    core_comp_cmd                            0x0000eaa4   Data          24  s1l_cmds_core.o(.data)
    core_copy_cmd                            0x0000eabc   Data          24  s1l_cmds_core.o(.data)
    core_baud_cmd                            0x0000ead4   Data          24  s1l_cmds_core.o(.data)
    core_rstcfg_cmd                          0x0000eaec   Data          24  s1l_cmds_core.o(.data)
    core_prompt_cmd                          0x0000eb04   Data          24  s1l_cmds_core.o(.data)
    core_info_cmd                            0x0000eb1c   Data          24  s1l_cmds_core.o(.data)
    core_group                               0x0000eb34   Data          16  s1l_cmds_core.o(.data)
    scomp_msg                                0x0000eb44   Data          25  s1l_cmds_core.o(.data)
    ssame_msg                                0x0000eb5d   Data          19  s1l_cmds_core.o(.data)
    snsame_msg                               0x0000eb70   Data          28  s1l_cmds_core.o(.data)
    scp_msg                                  0x0000eb8c   Data          21  s1l_cmds_core.o(.data)
    prto_msg                                 0x0000eba1   Data          32  s1l_cmds_core.o(.data)
    flashsts_msg                             0x0000ebc1   Data          16  s1l_cmds_core.o(.data)
    present_msg                              0x0000ebd1   Data           9  s1l_cmds_core.o(.data)
    notpresent_msg                           0x0000ebda   Data          13  s1l_cmds_core.o(.data)
    numblks_msg                              0x0000ebe7   Data          29  s1l_cmds_core.o(.data)
    pgsblk_msg                               0x0000ec04   Data          29  s1l_cmds_core.o(.data)
    pgsbyt_msg                               0x0000ec21   Data          29  s1l_cmds_core.o(.data)
    ttlsz_msg                                0x0000ec3e   Data          29  s1l_cmds_core.o(.data)
    blspace_msg                              0x0000ec5b   Data          39  s1l_cmds_core.o(.data)
    ftloaded_msg                             0x0000ec82   Data          24  s1l_cmds_core.o(.data)
    ftaddr_msg                               0x0000ec9a   Data          28  s1l_cmds_core.o(.data)
    fteaddr_msg                              0x0000ecb6   Data          28  s1l_cmds_core.o(.data)
    ftmbytes_msg                             0x0000ecd2   Data          28  s1l_cmds_core.o(.data)
    flsnone_msg                              0x0000ecee   Data          25  s1l_cmds_core.o(.data)
    fifb_msg                                 0x0000ed07   Data          33  s1l_cmds_core.o(.data)
    finbu_msg                                0x0000ed28   Data          33  s1l_cmds_core.o(.data)
    finsu_msg                                0x0000ed49   Data          33  s1l_cmds_core.o(.data)
    finnbu_msg                               0x0000ed6a   Data          33  s1l_cmds_core.o(.data)
    fladd_msg                                0x0000ed8b   Data          33  s1l_cmds_core.o(.data)
    fsadd_msg                                0x0000edac   Data          33  s1l_cmds_core.o(.data)
    absrc_msg                                0x0000edcd   Data          36  s1l_cmds_core.o(.data)
    absrcft_msg                              0x0000edf1   Data          36  s1l_cmds_core.o(.data)
    abadd_msg                                0x0000ee15   Data          36  s1l_cmds_core.o(.data)
    abeadd_msg                               0x0000ee39   Data          36  s1l_cmds_core.o(.data)
    absrcterm_msg                            0x0000ee5d   Data           9  s1l_cmds_core.o(.data)
    absrcsd_msg                              0x0000ee66   Data           9  s1l_cmds_core.o(.data)
    absnone_msg                              0x0000ee6f   Data           9  s1l_cmds_core.o(.data)
    .data                                    0x0000ee78   Section       12  s1l_cmds_core.o(.data)
    cmd_peek_plist                           0x0000ee78   Data          12  s1l_cmds_core.o(.data)
    .data                                    0x0000ee84   Section       16  s1l_cmds_core.o(.data)
    cmd_poke_plist                           0x0000ee84   Data          16  s1l_cmds_core.o(.data)
    .data                                    0x0000ee94   Section       16  s1l_cmds_core.o(.data)
    cmd_dump_plist                           0x0000ee94   Data          16  s1l_cmds_core.o(.data)
    .data                                    0x0000eea4   Section       20  s1l_cmds_core.o(.data)
    cmd_fill_plist                           0x0000eea4   Data          20  s1l_cmds_core.o(.data)
    .data                                    0x0000eeb8   Section       24  s1l_cmds_core.o(.data)
    cmd_memtst_plist                         0x0000eeb8   Data          24  s1l_cmds_core.o(.data)
    .data                                    0x0000eed0   Section       20  s1l_cmds_core.o(.data)
    cmd_bwtest_plist                         0x0000eed0   Data          20  s1l_cmds_core.o(.data)
    .data                                    0x0000eee4   Section       16  s1l_cmds_core.o(.data)
    cmd_comp_plist                           0x0000eee4   Data          16  s1l_cmds_core.o(.data)
    .data                                    0x0000eef4   Section       16  s1l_cmds_core.o(.data)
    cmd_copy_plist                           0x0000eef4   Data          16  s1l_cmds_core.o(.data)
    .data                                    0x0000ef04   Section        8  s1l_cmds_core.o(.data)
    cmd_baud_plist                           0x0000ef04   Data           8  s1l_cmds_core.o(.data)
    .data                                    0x0000ef0c   Section        4  s1l_cmds_core.o(.data)
    cmd_rstcfg_plist                         0x0000ef0c   Data           4  s1l_cmds_core.o(.data)
    .data                                    0x0000ef10   Section       12  s1l_cmds_core.o(.data)
    cmd_prompt_plist                         0x0000ef10   Data          12  s1l_cmds_core.o(.data)
    .data                                    0x0000ef1c   Section        4  s1l_cmds_core.o(.data)
    cmd_info_plist                           0x0000ef1c   Data           4  s1l_cmds_core.o(.data)
    .data                                    0x0000ef20   Section      505  s1l_cmds_flash.o(.data)
    nand_erase_cmd                           0x0000ef20   Data          24  s1l_cmds_flash.o(.data)
    nand_write_cmd                           0x0000ef38   Data          24  s1l_cmds_flash.o(.data)
    nand_read_cmd                            0x0000ef50   Data          24  s1l_cmds_flash.o(.data)
    nand_nandbb_cmd                          0x0000ef68   Data          24  s1l_cmds_flash.o(.data)
    nand_nsave_cmd                           0x0000ef80   Data          24  s1l_cmds_flash.o(.data)
    nand_nload_cmd                           0x0000ef98   Data          24  s1l_cmds_flash.o(.data)
    nand_nburn_cmd                           0x0000efb0   Data          24  s1l_cmds_flash.o(.data)
    blkrangeerr_msg                          0x0000efd8   Data          23  s1l_cmds_flash.o(.data)
    blkov_msg                                0x0000efef   Data          42  s1l_cmds_flash.o(.data)
    starter_msg                              0x0000f019   Data          21  s1l_cmds_flash.o(.data)
    ddbblist_msg                             0x0000f02e   Data          31  s1l_cmds_flash.o(.data)
    bbat_msg                                 0x0000f04d   Data          20  s1l_cmds_flash.o(.data)
    fnldd_msg                                0x0000f061   Data          35  s1l_cmds_flash.o(.data)
    updnotc_msg                              0x0000f084   Data          34  s1l_cmds_flash.o(.data)
    tobig_msg                                0x0000f0a6   Data          35  s1l_cmds_flash.o(.data)
    wr1_msg                                  0x0000f0c9   Data          20  s1l_cmds_flash.o(.data)
    wr2_msg                                  0x0000f0dd   Data          20  s1l_cmds_flash.o(.data)
    wr3_msg                                  0x0000f0f1   Data          20  s1l_cmds_flash.o(.data)
    wr4_msg                                  0x0000f105   Data          20  s1l_cmds_flash.o(.data)
    .data                                    0x0000f11c   Section       16  s1l_cmds_flash.o(.data)
    cmd_erase_plist                          0x0000f11c   Data          16  s1l_cmds_flash.o(.data)
    .data                                    0x0000f12c   Section       20  s1l_cmds_flash.o(.data)
    cmd_write_plist                          0x0000f12c   Data          20  s1l_cmds_flash.o(.data)
    .data                                    0x0000f140   Section       20  s1l_cmds_flash.o(.data)
    cmd_read_plist                           0x0000f140   Data          20  s1l_cmds_flash.o(.data)
    .data                                    0x0000f154   Section        4  s1l_cmds_flash.o(.data)
    cmd_nandbb_plist                         0x0000f154   Data           4  s1l_cmds_flash.o(.data)
    .data                                    0x0000f158   Section        4  s1l_cmds_flash.o(.data)
    cmd_nsave_plist                          0x0000f158   Data           4  s1l_cmds_flash.o(.data)
    .data                                    0x0000f15c   Section        4  s1l_cmds_flash.o(.data)
    cmd_nload_plist                          0x0000f15c   Data           4  s1l_cmds_flash.o(.data)
    .data                                    0x0000f160   Section       12  s1l_cmds_flash.o(.data)
    cmd_nburn_plist                          0x0000f160   Data          12  s1l_cmds_flash.o(.data)
    .data                                    0x0000f16c   Section      363  s1l_cmds_image.o(.data)
    core_ls_cmd                              0x0000f16c   Data          24  s1l_cmds_image.o(.data)
    core_load_cmd                            0x0000f184   Data          24  s1l_cmds_image.o(.data)
    core_exec_cmd                            0x0000f19c   Data          24  s1l_cmds_image.o(.data)
    core_aboot_cmd                           0x0000f1b4   Data          24  s1l_cmds_image.o(.data)
    core_boot_cmd                            0x0000f1cc   Data          24  s1l_cmds_image.o(.data)
    image_group                              0x0000f1e4   Data          16  s1l_cmds_image.o(.data)
    invalsrc_msg                             0x0000f1f4   Data          32  s1l_cmds_image.o(.data)
    unkft_msg                                0x0000f214   Data          20  s1l_cmds_image.o(.data)
    rawna_msg                                0x0000f228   Data          30  s1l_cmds_image.o(.data)
    floaded_msg                              0x0000f246   Data          25  s1l_cmds_image.o(.data)
    notloaded_msg                            0x0000f25f   Data          17  s1l_cmds_image.o(.data)
    bsgood_msg                               0x0000f270   Data          31  s1l_cmds_image.o(.data)
    bsbad_msg                                0x0000f28f   Data          39  s1l_cmds_image.o(.data)
    cnoboot_msg                              0x0000f2b6   Data          33  s1l_cmds_image.o(.data)
    .data                                    0x0000f2d8   Section        4  s1l_cmds_image.o(.data)
    cmd_ls_plist                             0x0000f2d8   Data           4  s1l_cmds_image.o(.data)
    .data                                    0x0000f2dc   Section        4  s1l_cmds_image.o(.data)
    cmd_load_plist                           0x0000f2dc   Data           4  s1l_cmds_image.o(.data)
    .data                                    0x0000f2e0   Section        4  s1l_cmds_image.o(.data)
    cmd_exec_plist                           0x0000f2e0   Data           4  s1l_cmds_image.o(.data)
    .data                                    0x0000f2e4   Section        4  s1l_cmds_image.o(.data)
    cmd_aboot_plist                          0x0000f2e4   Data           4  s1l_cmds_image.o(.data)
    .data                                    0x0000f2e8   Section        4  s1l_cmds_image.o(.data)
    cmd_boot_plist                           0x0000f2e8   Data           4  s1l_cmds_image.o(.data)
    .data                                    0x0000f2ec   Section        4  s1l_fat.o(.data)
    di@fat_get_dir_0                         0x0000f2ec   Data           4  s1l_fat.o(.data)
    .data                                    0x0000f2f0   Section      370  s1l_image_mngt.o(.data)
    lastaddr@srec_parse_line_0               0x0000f2f0   Data           4  s1l_image_mngt.o(.data)
    bytestoread                              0x0000f2f4   Data           4  s1l_image_mngt.o(.data)
    cindex                                   0x0000f2f8   Data           4  s1l_image_mngt.o(.data)
    lefttoread                               0x0000f2fc   Data           4  s1l_image_mngt.o(.data)
    curblock                                 0x0000f300   Data           4  s1l_image_mngt.o(.data)
    curpage                                  0x0000f304   Data           4  s1l_image_mngt.o(.data)
    checkblk                                 0x0000f308   Data           4  s1l_image_mngt.o(.data)
    rawdl_msg                                0x0000f30c   Data          47  s1l_image_mngt.o(.data)
    rawnanddlns_msg                          0x0000f33b   Data          37  s1l_image_mngt.o(.data)
    nofilmsg                                 0x0000f360   Data          40  s1l_image_mngt.o(.data)
    noiif_msg                                0x0000f388   Data          26  s1l_image_mngt.o(.data)
    nsaeerr_msg                              0x0000f3a2   Data          28  s1l_image_mngt.o(.data)
    nloeerr_msg                              0x0000f3be   Data          31  s1l_image_mngt.o(.data)
    bskip_msg                                0x0000f3dd   Data          20  s1l_image_mngt.o(.data)
    readerr_msg                              0x0000f3f1   Data          27  s1l_image_mngt.o(.data)
    writeerr_msg                             0x0000f40c   Data          27  s1l_image_mngt.o(.data)
    .data                                    0x0000f464   Section      100  s1l_line_input.o(.data)
    delstr                                   0x0000f464   Data           3  s1l_line_input.o(.data)
    escidx                                   0x0000f468   Data           4  s1l_line_input.o(.data)
    currcmdlineindex                         0x0000f46c   Data           4  s1l_line_input.o(.data)
    cmdpending                               0x0000f470   Data           4  s1l_line_input.o(.data)
    esckey                                   0x0000f474   Data           4  s1l_line_input.o(.data)
    yesno_msg                                0x0000f478   Data           7  s1l_line_input.o(.data)
    keysred                                  0x0000f4a0   Data          40  s1l_line_input.o(.data)
    .data                                    0x0000f4c8   Section        3  s1l_line_input.o(.data)
    .data                                    0x0000f4cb   Section        3  s1l_line_input.o(.data)
    .data                                    0x0000f4ce   Section        4  s1l_line_input.o(.data)
    .data                                    0x0000f4d4   Section      428  s1l_memtests.o(.data)
    patts_00ff                               0x0000f4d4   Data           8  s1l_memtests.o(.data)
    w1s_msg                                  0x0000f4dc   Data          26  s1l_memtests.o(.data)
    w0s_msg                                  0x0000f4f6   Data          26  s1l_memtests.o(.data)
    invtst_msg                               0x0000f510   Data          23  s1l_memtests.o(.data)
    pattst_msg                               0x0000f527   Data          15  s1l_memtests.o(.data)
    invwidth_msg                             0x0000f536   Data          42  s1l_memtests.o(.data)
    addr_msg                                 0x0000f560   Data          15  s1l_memtests.o(.data)
    width_msg                                0x0000f56f   Data          15  s1l_memtests.o(.data)
    bytes_msg                                0x0000f57e   Data          15  s1l_memtests.o(.data)
    passed_msg                               0x0000f58d   Data          14  s1l_memtests.o(.data)
    failed1_msg                              0x0000f59b   Data          24  s1l_memtests.o(.data)
    failed2_msg                              0x0000f5b3   Data          19  s1l_memtests.o(.data)
    failed3_msg                              0x0000f5c6   Data          19  s1l_memtests.o(.data)
    start_msg                                0x0000f5d9   Data          18  s1l_memtests.o(.data)
    verify_msg                               0x0000f5eb   Data          19  s1l_memtests.o(.data)
    bwc_msg                                  0x0000f5fe   Data          26  s1l_memtests.o(.data)
    bwc1_msg                                 0x0000f618   Data          29  s1l_memtests.o(.data)
    bwc2_msg                                 0x0000f635   Data          29  s1l_memtests.o(.data)
    bwc3_msg                                 0x0000f652   Data          29  s1l_memtests.o(.data)
    patts_55aa                               0x0000f670   Data          16  s1l_memtests.o(.data)
    .data                                    0x0000f680   Section      170  s1l_sys.o(.data)
    rx2_msg                                  0x0000f680   Data           2  s1l_sys.o(.data)
    rx1_msg                                  0x0000f682   Data           4  s1l_sys.o(.data)
    undef_msg                                0x0000f686   Data          22  s1l_sys.o(.data)
    dabort_msg                               0x0000f69c   Data          11  s1l_sys.o(.data)
    excunk_msg                               0x0000f6a7   Data          18  s1l_sys.o(.data)
    excty_msg                                0x0000f6b9   Data          12  s1l_sys.o(.data)
    spsr_msg                                 0x0000f6c5   Data          27  s1l_sys.o(.data)
    lr_msg                                   0x0000f6e0   Data          27  s1l_sys.o(.data)
    rx_msg                                   0x0000f6fb   Data          18  s1l_sys.o(.data)
    sd_msg                                   0x0000f70d   Data          29  s1l_sys.o(.data)
    .data                                    0x0000f72c   Section        4  s1l_sys.o(.data)
    .data                                    0x0000f730   Section        4  sys_hw.o(.data)
    .data                                    0x0000f734   Section      693  sys_hw_cmd_group.o(.data)
    hw_clock_cmd                             0x0000f734   Data          24  sys_hw_cmd_group.o(.data)
    hw_maddr_cmd                             0x0000f74c   Data          24  sys_hw_cmd_group.o(.data)
    hw_update_cmd                            0x0000f764   Data          24  sys_hw_cmd_group.o(.data)
    hw_group                                 0x0000f77c   Data          16  sys_hw_cmd_group.o(.data)
    hw_nrsv_cmd                              0x0000f78c   Data          24  sys_hw_cmd_group.o(.data)
    hw_nandrs_cmd                            0x0000f7a4   Data          24  sys_hw_cmd_group.o(.data)
    clockerr_msg                             0x0000f7bc   Data          55  sys_hw_cmd_group.o(.data)
    clock_msg                                0x0000f7f3   Data          39  sys_hw_cmd_group.o(.data)
    clockbad_msg                             0x0000f81a   Data          48  sys_hw_cmd_group.o(.data)
    macafail_msg                             0x0000f84a   Data          35  sys_hw_cmd_group.o(.data)
    smac_msg                                 0x0000f86d   Data          47  sys_hw_cmd_group.o(.data)
    updnotc_msg                              0x0000f89c   Data          34  sys_hw_cmd_group.o(.data)
    updnoim_msg                              0x0000f8be   Data          34  sys_hw_cmd_group.o(.data)
    updnotraw_msg                            0x0000f8e0   Data          39  sys_hw_cmd_group.o(.data)
    updgt31_msg                              0x0000f907   Data          62  sys_hw_cmd_group.o(.data)
    updgt256_msg                             0x0000f945   Data          58  sys_hw_cmd_group.o(.data)
    updfail_msg                              0x0000f97f   Data          30  sys_hw_cmd_group.o(.data)
    updgood_msg                              0x0000f99d   Data          17  sys_hw_cmd_group.o(.data)
    blkmkerr_msg                             0x0000f9ae   Data          23  sys_hw_cmd_group.o(.data)
    rsvlist_msg                              0x0000f9c5   Data          36  sys_hw_cmd_group.o(.data)
    .data                                    0x0000f9ec   Section       16  sys_hw_cmd_group.o(.data)
    cmd_clock_plist                          0x0000f9ec   Data          16  sys_hw_cmd_group.o(.data)
    .data                                    0x0000f9fc   Section        8  sys_hw_cmd_group.o(.data)
    cmd_maddr_plist                          0x0000f9fc   Data           8  sys_hw_cmd_group.o(.data)
    .data                                    0x0000fa04   Section        8  sys_hw_cmd_group.o(.data)
    cmd_update_plist                         0x0000fa04   Data           8  sys_hw_cmd_group.o(.data)
    .data                                    0x0000fa0c   Section       12  sys_hw_cmd_group.o(.data)
    cmd_nrsv_plist                           0x0000fa0c   Data          12  sys_hw_cmd_group.o(.data)
    .data                                    0x0000fa18   Section        4  sys_hw_cmd_group.o(.data)
    cmd_nandrs_plist                         0x0000fa18   Data           4  sys_hw_cmd_group.o(.data)
    .data                                    0x0000fa1c   Section      562  sys_mmu_cmd_group.o(.data)
    mbytes_msg                               0x0000fa1c   Data           2  sys_mmu_cmd_group.o(.data)
    mmu_msg                                  0x0000fa1e   Data           4  sys_mmu_cmd_group.o(.data)
    caches_msg                               0x0000fa22   Data           7  sys_mmu_cmd_group.o(.data)
    core_dcache_cmd                          0x0000fa2c   Data          24  sys_mmu_cmd_group.o(.data)
    core_icache_cmd                          0x0000fa44   Data          24  sys_mmu_cmd_group.o(.data)
    core_inval_cmd                           0x0000fa5c   Data          24  sys_mmu_cmd_group.o(.data)
    core_mmuenab_cmd                         0x0000fa74   Data          24  sys_mmu_cmd_group.o(.data)
    core_map_cmd                             0x0000fa8c   Data          24  sys_mmu_cmd_group.o(.data)
    core_mmuinfo_cmd                         0x0000faa4   Data          24  sys_mmu_cmd_group.o(.data)
    mmu_group                                0x0000fabc   Data          16  sys_mmu_cmd_group.o(.data)
    enabled_msg                              0x0000facc   Data           9  sys_mmu_cmd_group.o(.data)
    disabled_msg                             0x0000fad5   Data          10  sys_mmu_cmd_group.o(.data)
    dcache_msg                               0x0000fadf   Data          11  sys_mmu_cmd_group.o(.data)
    icache_msg                               0x0000faea   Data          18  sys_mmu_cmd_group.o(.data)
    pagetab_msg                              0x0000fafc   Data          24  sys_mmu_cmd_group.o(.data)
    slist_msg                                0x0000fb14   Data          42  sys_mmu_cmd_group.o(.data)
    cpage_msg                                0x0000fb3e   Data          13  sys_mmu_cmd_group.o(.data)
    fpage_msg                                0x0000fb4b   Data          13  sys_mmu_cmd_group.o(.data)
    sect_msg                                 0x0000fb58   Data          13  sys_mmu_cmd_group.o(.data)
    map1_err_msg                             0x0000fb65   Data          63  sys_mmu_cmd_group.o(.data)
    map2_err_msg                             0x0000fba4   Data          59  sys_mmu_cmd_group.o(.data)
    phya_msg                                 0x0000fbdf   Data          17  sys_mmu_cmd_group.o(.data)
    mapped_msg                               0x0000fbf0   Data          29  sys_mmu_cmd_group.o(.data)
    unmapped_msg                             0x0000fc0d   Data          33  sys_mmu_cmd_group.o(.data)
    cached_msg                               0x0000fc2e   Data          10  sys_mmu_cmd_group.o(.data)
    inval_msg                                0x0000fc38   Data          13  sys_mmu_cmd_group.o(.data)
    flushed_msg                              0x0000fc45   Data           9  sys_mmu_cmd_group.o(.data)
    .data                                    0x0000fc50   Section        8  sys_mmu_cmd_group.o(.data)
    cmd_dcache_plist                         0x0000fc50   Data           8  sys_mmu_cmd_group.o(.data)
    .data                                    0x0000fc58   Section        8  sys_mmu_cmd_group.o(.data)
    cmd_icache_plist                         0x0000fc58   Data           8  sys_mmu_cmd_group.o(.data)
    .data                                    0x0000fc60   Section        4  sys_mmu_cmd_group.o(.data)
    cmd_inval_plist                          0x0000fc60   Data           4  sys_mmu_cmd_group.o(.data)
    .data                                    0x0000fc64   Section        8  sys_mmu_cmd_group.o(.data)
    cmd_mmuenab_plist                        0x0000fc64   Data           8  sys_mmu_cmd_group.o(.data)
    .data                                    0x0000fc6c   Section       20  sys_mmu_cmd_group.o(.data)
    cmd_map_plist                            0x0000fc6c   Data          20  sys_mmu_cmd_group.o(.data)
    .data                                    0x0000fc80   Section        4  sys_mmu_cmd_group.o(.data)
    cmd_mmuinfo_plist                        0x0000fc80   Data           4  sys_mmu_cmd_group.o(.data)
    .data                                    0x0000fc84   Section      344  sysapi_blkdev.o(.data)
    sddev                                    0x0000fc84   Data           4  sysapi_blkdev.o(.data)
    cmdresp                                  0x0000fc88   Data           4  sysapi_blkdev.o(.data)
    datadone                                 0x0000fc8c   Data           4  sysapi_blkdev.o(.data)
    rca                                      0x0000fc90   Data           4  sysapi_blkdev.o(.data)
    sdmmc_cmds                               0x0000fc94   Data         272  sysapi_blkdev.o(.data)
    sdmmc_app_cmds                           0x0000fda4   Data          56  sysapi_blkdev.o(.data)
    .data                                    0x0000fddc   Section        4  sysapi_flash.o(.data)
    addressCycles                            0x0000fddc   Data           4  sysapi_flash.o(.data)
    .data                                    0x0000fde0   Section      135  sysapi_misc.o(.data)
    onoff1@mstimer_user_interrupt_0          0x0000fde0   Data           4  sysapi_misc.o(.data)
    mstimerdev                               0x0000fde4   Data           4  sysapi_misc.o(.data)
    mmu1_msg                                 0x0000fde8   Data          14  sysapi_misc.o(.data)
    mmu0_msg                                 0x0000fdf6   Data          15  sysapi_misc.o(.data)
    armclk_msg                               0x0000fe05   Data          25  sysapi_misc.o(.data)
    hclkclk_msg                              0x0000fe1e   Data          25  sysapi_misc.o(.data)
    pclkclk_msg                              0x0000fe37   Data          25  sysapi_misc.o(.data)
    maca_msg                                 0x0000fe50   Data          23  sysapi_misc.o(.data)
    .data                                    0x0000fe68   Section       36  sysapi_termio.o(.data)
    crlf                                     0x0000fe68   Data           3  sysapi_termio.o(.data)
    txsize                                   0x0000fe6c   Data           4  sysapi_termio.o(.data)
    rxsize                                   0x0000fe70   Data           4  sysapi_termio.o(.data)
    txfill                                   0x0000fe74   Data           4  sysapi_termio.o(.data)
    rxget                                    0x0000fe78   Data           4  sysapi_termio.o(.data)
    txget                                    0x0000fe7c   Data           4  sysapi_termio.o(.data)
    rxfill                                   0x0000fe80   Data           4  sysapi_termio.o(.data)
    uartdev                                  0x0000fe84   Data           4  sysapi_termio.o(.data)
    uartbrk                                  0x0000fe88   Data           4  sysapi_termio.o(.data)
    .data                                    0x0000fe90   Section       16  sysapi_timer.o(.data)
    tdev                                     0x0000fe90   Data           4  sysapi_timer.o(.data)
    base_rate                                0x0000fe98   Data           8  sysapi_timer.o(.data)
    .data                                    0x0000fea0   Section        4  phy3250_startup.o(.data)
    .bss                                     0x0000fea4   Section      320  lpc_line_parser.o(.bss)
    parsed_entries                           0x0000fea4   Data          64  lpc_line_parser.o(.bss)
    str_image                                0x0000fee4   Data         256  lpc_line_parser.o(.bss)
    .bss                                     0x0000ffe4   Section      384  lpc32xx_intc_driver.o(.bss)
    .bss                                     0x00010164   Section      104  lpc32xx_sdcard_driver.o(.bss)
    sdcarddat                                0x00010164   Data         104  lpc32xx_sdcard_driver.o(.bss)
    .bss                                     0x000101cc   Section       48  lpc32xx_ssp_driver.o(.bss)
    sspdrv                                   0x000101cc   Data          48  lpc32xx_ssp_driver.o(.bss)
    .bss                                     0x000101fc   Section       76  lpc32xx_dma_driver.o(.bss)
    dmadrv_dat                               0x000101fc   Data          76  lpc32xx_dma_driver.o(.bss)
    .bss                                     0x00010248   Section       32  lpc32xx_timer_driver.o(.bss)
    tmr_init                                 0x00010248   Data          16  lpc32xx_timer_driver.o(.bss)
    tmrdat                                   0x00010258   Data          16  lpc32xx_timer_driver.o(.bss)
    .bss                                     0x00010268   Section      144  lpc32xx_uart_driver.o(.bss)
    uartdat                                  0x00010268   Data         144  lpc32xx_uart_driver.o(.bss)
    .bss                                     0x000102f8   Section       40  phy3250_board.o(.bss)
    .bss                                     0x00010320   Section       20  phy3250_nand.o(.bss)
    nandrcdat                                0x00010320   Data          20  phy3250_nand.o(.bss)
    .bss                                     0x00010334   Section       64  s1l_cmds.o(.bss)
    .bss                                     0x00010374   Section     1692  s1l_fat.o(.bss)
    fat_data                                 0x00010374   Data        1692  s1l_fat.o(.bss)
    .bss                                     0x00010a10   Section      288  s1l_line_input.o(.bss)
    cmd_prompt                               0x00010a10   Data          16  s1l_line_input.o(.bss)
    currcmdline                              0x00010a20   Data         256  s1l_line_input.o(.bss)
    keyescbuff                               0x00010b20   Data          16  s1l_line_input.o(.bss)
    .bss                                     0x00010b30   Section      196  s1l_sys.o(.bss)
    .bss                                     0x00010bf4   Section       84  s1l_sys.o(.bss)
    .bss                                     0x00010c48   Section     2112  s1l_sys.o(.bss)
    .bss                                     0x00011488   Section       16  sys_hw.o(.bss)
    .bss                                     0x00011498   Section       16  sysapi_flash.o(.bss)
    nandgeom                                 0x00011498   Data          16  sysapi_flash.o(.bss)
    .bss                                     0x000114a8   Section     1024  sysapi_termio.o(.bss)
    txbuff                                   0x000114a8   Data         512  sysapi_termio.o(.bss)
    rxbuff                                   0x000116a8   Data         512  sysapi_termio.o(.bss)

    Global Symbols

    Symbol Name                              Value     Ov Type        Size  Object(Section)

    BuildAttributes$$THM_ISAv2$ARM_ISAv5$M$E$P$J$S$VFPv2$PE$FZ_POSZERO$A:L22$X:L11$S22$IEEE1$IW$USESV6$~STKCKD$USESV7$~SHL$OSPACE$EBA8$STANDARDLIB$REQ8$PRES8$EABIv2 0x00000000   Number         0  anon$$obj.o ABSOLUTE
    arm926ejs_reset                          0x00000000   ARM Code       0  phy3250_startup_entry.o(STARTUP)
    __rt_SIGABRT_inner                        - Undefined Weak Reference
    __rt_SIGCPPL_inner                        - Undefined Weak Reference
    __rt_SIGILL_inner                         - Undefined Weak Reference
    __rt_SIGINT_inner                         - Undefined Weak Reference
    __rt_SIGPVFN_inner                        - Undefined Weak Reference
    __rt_SIGRTMEM_inner                       - Undefined Weak Reference
    __rt_SIGRTRED_inner                       - Undefined Weak Reference
    __rt_SIGSEGV_inner                        - Undefined Weak Reference
    __rt_SIGSTAK_inner                        - Undefined Weak Reference
    __rt_SIGTERM_inner                        - Undefined Weak Reference
    __rt_SIGUSR1_inner                        - Undefined Weak Reference
    __rt_SIGUSR2_inner                        - Undefined Weak Reference
    __rt_sigother_inner                       - Undefined Weak Reference
    __sigvec_lookup                           - Undefined Weak Reference
    dcache_flush                             0x00000178   ARM Code       0  phy3250_startup_entry.o(STARTUP)
    cp15_map_virtual_to_physical             0x00000254   ARM Code     252  lpc_arm922t_cp15_driver.o(.text)
    cp15_map_physical_to_virtual             0x00000350   ARM Code     220  lpc_arm922t_cp15_driver.o(.text)
    cp15_force_cache_coherence               0x0000042c   ARM Code      68  lpc_arm922t_cp15_driver.o(.text)
    cp15_init_mmu_trans_table                0x00000470   ARM Code     256  lpc_arm922t_cp15_driver.o(.text)
    cp15_set_vmmu_addr                       0x00000570   ARM Code      12  lpc_arm922t_cp15_driver.o(.text)
    cp15_get_ttb                             0x0000057c   ARM Code       8  lpc_arm922t_cp15_driver.o(.text)
    cp15_dcache_flush                        0x00000584   ARM Code      76  lpc_arm922t_cp15_driver.o(.text)
    cp15_write_buffer_flush                  0x000005d0   ARM Code      12  lpc_arm922t_cp15_driver.o(.text)
    cp15_mmu_enabled                         0x000005dc   ARM Code      12  lpc_arm922t_cp15_driver.o(.text)
    cp15_get_mmu_control_reg                 0x000005e8   ARM Code       8  lpc_arm922t_cp15_driver.o(.text)
    cp15_set_mmu_control_reg                 0x000005f0   ARM Code       8  lpc_arm922t_cp15_driver.o(.text)
    cp15_set_mmu                             0x000005f8   ARM Code      40  lpc_arm922t_cp15_driver.o(.text)
    cp15_invalidate_cache                    0x00000620   ARM Code      12  lpc_arm922t_cp15_driver.o(.text)
    cp15_invalidate_tlb                      0x0000062c   ARM Code      24  lpc_arm922t_cp15_driver.o(.text)
    cp15_set_transtable_base                 0x00000644   ARM Code      16  lpc_arm922t_cp15_driver.o(.text)
    cp15_set_icache                          0x00000654   ARM Code      40  lpc_arm922t_cp15_driver.o(.text)
    cp15_set_dcache                          0x0000067c   ARM Code      40  lpc_arm922t_cp15_driver.o(.text)
    cp15_set_domain_access                   0x000006a4   ARM Code       8  lpc_arm922t_cp15_driver.o(.text)
    is_whitespace                            0x000006e4   ARM Code      80  lpc_line_parser.o(.text)
    skip_whitespace                          0x000007ac   ARM Code      44  lpc_line_parser.o(.text)
    parse_string                             0x000007d8   ARM Code     116  lpc_line_parser.o(.text)
    parse_get_entry_count                    0x0000084c   ARM Code      12  lpc_line_parser.o(.text)
    get_parsed_entry                         0x00000858   ARM Code      36  lpc_line_parser.o(.text)
    str_upper_to_lower                       0x0000088c   ARM Code      48  lpc_string.o(.text)
    str_lower_to_upper                       0x000008bc   ARM Code      48  lpc_string.o(.text)
    str_copy                                 0x000008ec   ARM Code      40  lpc_string.o(.text)
    str_ncopy                                0x00000914   ARM Code      52  lpc_string.o(.text)
    str_size                                 0x00000948   ARM Code      32  lpc_string.o(.text)
    str_ncmp                                 0x00000968   ARM Code      64  lpc_string.o(.text)
    str_cmp                                  0x000009a8   ARM Code      40  lpc_string.o(.text)
    val_to_hex_char                          0x000009d0   ARM Code      36  lpc_string.o(.text)
    hex_char_to_val                          0x000009f4   ARM Code      64  lpc_string.o(.text)
    dec_char_to_val                          0x00000a34   ARM Code      44  lpc_string.o(.text)
    str_makehex                              0x00000a60   ARM Code      84  lpc_string.o(.text)
    str_makedec                              0x00000ab4   ARM Code     152  lpc_string.o(.text)
    str_hex_to_val                           0x00000b4c   ARM Code     124  lpc_string.o(.text)
    str_dec_to_val                           0x00000bc8   ARM Code     128  lpc_string.o(.text)
    clkpwr_abs                               0x00000c48   ARM Code      24  lpc32xx_clkpwr_driver.o(.text)
    clkpwr_check_pll_setup                   0x00000c60   ARM Code     808  lpc32xx_clkpwr_driver.o(.text)
    clkpwr_pll_rate_from_val                 0x00000f88   ARM Code     128  lpc32xx_clkpwr_driver.o(.text)
    clkpwr_pll_rate                          0x00001008   ARM Code       8  lpc32xx_clkpwr_driver.o(.text)
    clkpwr_mask_and_set                      0x00001010   ARM Code      28  lpc32xx_clkpwr_driver.o(.text)
    clkpwr_get_event_field                   0x0000102c   ARM Code     164  lpc32xx_clkpwr_driver.o(.text)
    clkpwr_get_base_clock                    0x000010d0   ARM Code     112  lpc32xx_clkpwr_driver.o(.text)
    clkpwr_find_pll_cfg                      0x00001140   ARM Code     808  lpc32xx_clkpwr_driver.o(.text)
    clkpwr_pll397_setup                      0x00001468   ARM Code      52  lpc32xx_clkpwr_driver.o(.text)
    clkpwr_get_base_clock_rate               0x0000149c   ARM Code     380  lpc32xx_clkpwr_driver.o(.text)
    clkpwr_hclkpll_setup                     0x00001618   ARM Code     216  lpc32xx_clkpwr_driver.o(.text)
    clkpwr_hclkpll_direct_setup              0x000016f0   ARM Code      12  lpc32xx_clkpwr_driver.o(.text)
    clkpwr_pll_dis_en                        0x000016fc   ARM Code     148  lpc32xx_clkpwr_driver.o(.text)
    clkpwr_is_pll_locked                     0x00001790   ARM Code     136  lpc32xx_clkpwr_driver.o(.text)
    clkpwr_mainosc_setup                     0x00001818   ARM Code      44  lpc32xx_clkpwr_driver.o(.text)
    clkpwr_sysclk_setup                      0x00001844   ARM Code      48  lpc32xx_clkpwr_driver.o(.text)
    clkpwr_get_osc                           0x00001874   ARM Code      28  lpc32xx_clkpwr_driver.o(.text)
    clkpwr_set_hclk_divs                     0x00001890   ARM Code      64  lpc32xx_clkpwr_driver.o(.text)
    clkpwr_force_arm_hclk_to_pclk            0x000018d0   ARM Code      32  lpc32xx_clkpwr_driver.o(.text)
    clkpwr_set_mode                          0x000018f0   ARM Code      76  lpc32xx_clkpwr_driver.o(.text)
    clkpwr_clk_en_dis                        0x0000193c   ARM Code     952  lpc32xx_clkpwr_driver.o(.text)
    Image$$ER_ZI$$ZI$$Length                 0x00001a04   Number         0  anon$$obj.o ABSOLUTE
    clkpwr_autoclk_en_dis                    0x00001cf4   ARM Code     112  lpc32xx_clkpwr_driver.o(.text)
    clkpwr_get_clock_rate                    0x00001d64   ARM Code     232  lpc32xx_clkpwr_driver.o(.text)
    clkpwr_wk_event_en_dis                   0x00001e4c   ARM Code      84  lpc32xx_clkpwr_driver.o(.text)
    clkpwr_is_raw_event_active               0x00001ea0   ARM Code      72  lpc32xx_clkpwr_driver.o(.text)
    clkpwr_is_msk_event_active               0x00001ee8   ARM Code      72  lpc32xx_clkpwr_driver.o(.text)
    clkpwr_clear_event                       0x00001f30   ARM Code      56  lpc32xx_clkpwr_driver.o(.text)
    clkpwr_set_event_pol                     0x00001f68   ARM Code      80  lpc32xx_clkpwr_driver.o(.text)
    clkpwr_set_mux                           0x00001fb8   ARM Code     288  lpc32xx_clkpwr_driver.o(.text)
    clkpwr_set_mux_state                     0x000020d8   ARM Code     328  lpc32xx_clkpwr_driver.o(.text)
    clkpwr_setup_mcard_ctrlr                 0x00002220   ARM Code      84  lpc32xx_clkpwr_driver.o(.text)
    clkpwr_set_i2c_driver                    0x00002274   ARM Code      76  lpc32xx_clkpwr_driver.o(.text)
    clkpwr_setup_pwm                         0x000022c0   ARM Code      92  lpc32xx_clkpwr_driver.o(.text)
    clkpwr_setup_nand_ctrlr                  0x0000231c   ARM Code      56  lpc32xx_clkpwr_driver.o(.text)
    clkpwr_setup_adc_ts                      0x00002354   ARM Code      28  lpc32xx_clkpwr_driver.o(.text)
    clkpwr_setup_ssp                         0x00002370   ARM Code      72  lpc32xx_clkpwr_driver.o(.text)
    clkpwr_setup_i2s                         0x000023b8   ARM Code      88  lpc32xx_clkpwr_driver.o(.text)
    clkpwr_setup_lcd                         0x00002410   ARM Code     152  lpc32xx_clkpwr_driver.o(.text)
    clkpwr_select_enet_iface                 0x000024a8   ARM Code      48  lpc32xx_clkpwr_driver.o(.text)
    clkpwr_halt_cpu                          0x000024d8   ARM Code      12  lpc32xx_clkpwr_driver.o(.text)
    gpio_set_gpo_state                       0x000024ec   ARM Code      36  lpc32xx_gpio_driver.o(.text)
    gpio_set_dir                             0x00002510   ARM Code      36  lpc32xx_gpio_driver.o(.text)
    gpio_set_sdr_state                       0x00002534   ARM Code      36  lpc32xx_gpio_driver.o(.text)
    gpio_set_p0_state                        0x00002558   ARM Code      36  lpc32xx_gpio_driver.o(.text)
    gpio_set_p0_dir                          0x0000257c   ARM Code      36  lpc32xx_gpio_driver.o(.text)
    gpio_set_p1_state                        0x000025a0   ARM Code      36  lpc32xx_gpio_driver.o(.text)
    gpio_set_p1_dir                          0x000025c4   ARM Code      36  lpc32xx_gpio_driver.o(.text)
    i2s_pin_mux                              0x000025e8   ARM Code      84  lpc32xx_gpio_driver.o(.text)
    int_initialize                           0x0000271c   ARM Code     152  lpc32xx_intc_driver.o(.text)
    int_install_arm_vec_handler              0x000027b4   ARM Code     200  lpc32xx_intc_driver.o(.text)
    int_install_irq_handler                  0x0000287c   ARM Code      32  lpc32xx_intc_driver.o(.text)
    int_install_ext_irq_handler              0x0000289c   ARM Code     268  lpc32xx_intc_driver.o(.text)
    int_enable                               0x000029a8   ARM Code      60  lpc32xx_intc_driver.o(.text)
    int_disable                              0x000029e4   ARM Code      60  lpc32xx_intc_driver.o(.text)
    int_pending                              0x00002a20   ARM Code      64  lpc32xx_intc_driver.o(.text)
    int_raw_pending                          0x00002a60   ARM Code      64  lpc32xx_intc_driver.o(.text)
    int_enabled                              0x00002aa0   ARM Code      64  lpc32xx_intc_driver.o(.text)
    int_clear                                0x00002ae0   ARM Code      56  lpc32xx_intc_driver.o(.text)
    int_setup_irq_fiq                        0x00002b18   ARM Code      88  lpc32xx_intc_driver.o(.text)
    mstimer_msecs_to_ticks                   0x00002bb4   ARM Code      12  lpc32xx_mstimer_driver.o(.text)
    mstimer_open                             0x00002bc0   ARM Code      84  lpc32xx_mstimer_driver.o(.text)
    mstimer_close                            0x00002c14   ARM Code      60  lpc32xx_mstimer_driver.o(.text)
    mstimer_ioctl                            0x00002c50   ARM Code     580  lpc32xx_mstimer_driver.o(.text)
    mstimer_read                             0x00002e94   ARM Code       8  lpc32xx_mstimer_driver.o(.text)
    mstimer_write                            0x00002e9c   ARM Code       8  lpc32xx_mstimer_driver.o(.text)
    mstimer_wait_ms                          0x00002ea4   ARM Code     116  lpc32xx_mstimer_driver.o(.text)
    sdcard_open                              0x000039c8   ARM Code     232  lpc32xx_sdcard_driver.o(.text)
    sdcard_close                             0x00003ab0   ARM Code     156  lpc32xx_sdcard_driver.o(.text)
    sdcard_ioctl                             0x00003b4c   ARM Code     248  lpc32xx_sdcard_driver.o(.text)
    sdcard_read                              0x00003c44   ARM Code       8  lpc32xx_sdcard_driver.o(.text)
    sdcard_write                             0x00003c4c   ARM Code       8  lpc32xx_sdcard_driver.o(.text)
    ssp_open                                 0x00003e60   ARM Code     276  lpc32xx_ssp_driver.o(.text)
    ssp_close                                0x00003f74   ARM Code      76  lpc32xx_ssp_driver.o(.text)
    ssp_ioctl                                0x00003fc0   ARM Code     360  lpc32xx_ssp_driver.o(.text)
    ssp_read                                 0x00004128   ARM Code     104  lpc32xx_ssp_driver.o(.text)
    ssp_write                                0x00004190   ARM Code     132  lpc32xx_ssp_driver.o(.text)
    ssp0_int                                 0x00004214   ARM Code       8  lpc32xx_ssp_driver.o(.text)
    ssp1_int                                 0x0000421c   ARM Code       8  lpc32xx_ssp_driver.o(.text)
    dma_interrupt                            0x00004234   ARM Code     104  lpc32xx_dma_driver.o(.text)
    dma_init                                 0x0000429c   ARM Code     148  lpc32xx_dma_driver.o(.text)
    dma_alloc_channel                        0x00004330   ARM Code     184  lpc32xx_dma_driver.o(.text)
    dma_free_channel                         0x000043e8   ARM Code     136  lpc32xx_dma_driver.o(.text)
    dma_start_m2m                            0x00004470   ARM Code     112  lpc32xx_dma_driver.o(.text)
    dma_setup_link_phy                       0x000044e0   ARM Code      16  lpc32xx_dma_driver.o(.text)
    dma_setup_virt_link                      0x000044f0   ARM Code      60  lpc32xx_dma_driver.o(.text)
    dma_get_base                             0x0000452c   ARM Code      12  lpc32xx_dma_driver.o(.text)
    timer_usec_to_val                        0x00004544   ARM Code      88  lpc32xx_timer_driver.o(.text)
    timer_ptr_to_timer_num                   0x0000459c   ARM Code      88  lpc32xx_timer_driver.o(.text)
    timer_cfg_to_timer_num                   0x000045f4   ARM Code      88  lpc32xx_timer_driver.o(.text)
    timer_delay_cmn                          0x0000464c   ARM Code     140  lpc32xx_timer_driver.o(.text)
    timer_open                               0x000046d8   ARM Code     200  lpc32xx_timer_driver.o(.text)
    timer_close                              0x000047a0   ARM Code     116  lpc32xx_timer_driver.o(.text)
    timer_ioctl                              0x00004814   ARM Code     884  lpc32xx_timer_driver.o(.text)
    timer_read                               0x00004b88   ARM Code       8  lpc32xx_timer_driver.o(.text)
    timer_write                              0x00004b90   ARM Code       8  lpc32xx_timer_driver.o(.text)
    timer_wait_ms                            0x00004b98   ARM Code      12  lpc32xx_timer_driver.o(.text)
    timer_wait_us                            0x00004ba4   ARM Code       4  lpc32xx_timer_driver.o(.text)
    uart_gen_int_handler                     0x00004bc0   ARM Code     140  lpc32xx_uart_driver.o(.text)
    uart3_int_handler                        0x00004c4c   ARM Code       8  lpc32xx_uart_driver.o(.text)
    uart4_int_handler                        0x00004c54   ARM Code       8  lpc32xx_uart_driver.o(.text)
    uart5_int_handler                        0x00004c5c   ARM Code       8  lpc32xx_uart_driver.o(.text)
    uart6_int_handler                        0x00004c64   ARM Code       8  lpc32xx_uart_driver.o(.text)
    uart_abs                                 0x00004c6c   ARM Code      24  lpc32xx_uart_driver.o(.text)
    uart_ptr_to_uart_num                     0x00004c84   ARM Code      88  lpc32xx_uart_driver.o(.text)
    uart_flush_fifos                         0x00004cdc   ARM Code      20  lpc32xx_uart_driver.o(.text)
    uart_find_clk                            0x00004cf0   ARM Code     172  lpc32xx_uart_driver.o(.text)
    uart_setup_trans_mode                    0x00004d9c   ARM Code     380  lpc32xx_uart_driver.o(.text)
    uart_open                                0x00004f18   ARM Code     392  lpc32xx_uart_driver.o(.text)
    uart_close                               0x000050a0   ARM Code     124  lpc32xx_uart_driver.o(.text)
    uart_ioctl                               0x0000511c   ARM Code     320  lpc32xx_uart_driver.o(.text)
    uart_read                                0x0000525c   ARM Code      60  lpc32xx_uart_driver.o(.text)
    uart_write                               0x00005298   ARM Code     116  lpc32xx_uart_driver.o(.text)
    lpc32xx_reset_vector                     0x0000532c   ARM Code       0  lpc32xx_vectors.o(.text)
    vec_reset_handler                        0x0000534c   Data           0  lpc32xx_vectors.o(.text)
    vec_undefined_handler                    0x00005350   Data           0  lpc32xx_vectors.o(.text)
    vec_swi_handler                          0x00005354   Data           0  lpc32xx_vectors.o(.text)
    vec_prefetch_handler                     0x00005358   Data           0  lpc32xx_vectors.o(.text)
    vec_abort_handler                        0x0000535c   Data           0  lpc32xx_vectors.o(.text)
    vec_irq_handler                          0x00005360   Data           0  lpc32xx_vectors.o(.text)
    vec_fiq_handler                          0x00005364   Data           0  lpc32xx_vectors.o(.text)
    lpc32xx_irq_handler                      0x0000537c   ARM Code       0  lpc32xx_vectors.o(.text)
    phy3250_board_init                       0x000054dc   ARM Code       4  phy3250_board.o(.text)
    sram_adjust_timing                       0x000054e0   ARM Code     152  phy3250_board.o(.text)
    sdram_adjust_timing                      0x00005578   ARM Code     268  phy3250_board.o(.text)
    phy3250_toggle_led                       0x00005684   ARM Code      32  phy3250_board.o(.text)
    phy3250_sspwrite                         0x000056a4   ARM Code     136  phy3250_board.o(.text)
    phy3250_sspread                          0x0000572c   ARM Code      92  phy3250_board.o(.text)
    phy3250_button_state                     0x00005788   ARM Code      64  phy3250_board.o(.text)
    phy3250_sdpower_enable                   0x000057c8   ARM Code      32  phy3250_board.o(.text)
    phy3250_sdmmc_card_inserted              0x000057e8   ARM Code      28  phy3250_board.o(.text)
    mlc_cmd                                  0x00005824   ARM Code      12  phy3250_nand.o(.text)
    mlc_addr                                 0x00005830   ARM Code      12  phy3250_nand.o(.text)
    mlc_wait_ready                           0x0000583c   ARM Code      20  phy3250_nand.o(.text)
    mlc_get_status                           0x00005850   ARM Code      32  phy3250_nand.o(.text)
    mlc_write_addr                           0x00005870   ARM Code     172  phy3250_nand.o(.text)
    mlc_write_page                           0x0000591c   ARM Code     316  phy3250_nand.o(.text)
    mlc_read_page                            0x00005a58   ARM Code     304  phy3250_nand.o(.text)
    mlc_nand_detect                          0x00005b88   ARM Code     356  phy3250_nand.o(.text)
    nand_clock_setup                         0x00005cec   ARM Code     216  phy3250_nand.o(.text)
    nand_init                                0x00005dc4   ARM Code      88  phy3250_nand.o(.text)
    nand_erase_block                         0x00005e1c   ARM Code     164  phy3250_nand.o(.text)
    sector_to_nand                           0x00005ec0   ARM Code      56  phy3250_nand.o(.text)
    nand_read_sector                         0x00005ef8   ARM Code      48  phy3250_nand.o(.text)
    nand_write_sector                        0x00005f28   ARM Code      48  phy3250_nand.o(.text)
    nand_read_sectors                        0x00005f58   ARM Code     240  phy3250_nand.o(.text)
    nand_write_sectors                       0x00006048   ARM Code     240  phy3250_nand.o(.text)
    nand_to_sector                           0x00006138   ARM Code      16  phy3250_nand.o(.text)
    phy3250_nand_wp                          0x00006148   ARM Code      32  phy3250_nand.o(.text)
    term_boot                                0x00006198   ARM Code     160  s1l_bootmgr.o(.text)
    blk_boot                                 0x00006238   ARM Code     168  s1l_bootmgr.o(.text)
    nand_boot                                0x000062e0   ARM Code     128  s1l_bootmgr.o(.text)
    autoboot                                 0x00006360   ARM Code      52  s1l_bootmgr.o(.text)
    boot_manager                             0x00006394   ARM Code     420  s1l_bootmgr.o(.text)
    cmd_find_index                           0x00006574   ARM Code     208  s1l_cmds.o(.text)
    cmd_strout_format                        0x00006644   ARM Code     108  s1l_cmds.o(.text)
    cmd_show_cmd_help                        0x000066b0   ARM Code      72  s1l_cmds.o(.text)
    cmd_show_group_help                      0x000066f8   ARM Code      76  s1l_cmds.o(.text)
    cmd_show_cmd_syntax                      0x00006744   ARM Code      28  s1l_cmds.o(.text)
    cmd_help                                 0x00006760   ARM Code     304  s1l_cmds.o(.text)
    cmd_parse_fields                         0x00006890   ARM Code     260  s1l_cmds.o(.text)
    cmd_add_group                            0x00006994   ARM Code      40  s1l_cmds.o(.text)
    cmd_add_new_command                      0x000069bc   ARM Code      52  s1l_cmds.o(.text)
    cmd_process                              0x000069f0   ARM Code     144  s1l_cmds.o(.text)
    cmd_get_field_val                        0x00006a80   ARM Code      12  s1l_cmds.o(.text)
    cmd_info                                 0x000070bc   ARM Code     880  s1l_cmds_core.o(.text)
    cmd_core_add_commands                    0x0000742c   ARM Code     160  s1l_cmds_core.o(.text)
    cmd_read                                 0x0000769c   ARM Code     100  s1l_cmds_flash.o(.text)
    cmd_write                                0x00007700   ARM Code     100  s1l_cmds_flash.o(.text)
    cmd_nandbb                               0x00007764   ARM Code     152  s1l_cmds_flash.o(.text)
    cmd_nsave                                0x000077fc   ARM Code      76  s1l_cmds_flash.o(.text)
    cmd_nload                                0x00007848   ARM Code      16  s1l_cmds_flash.o(.text)
    cmd_nburn                                0x00007858   ARM Code     480  s1l_cmds_flash.o(.text)
    cmd_nand_add_commands                    0x00007a38   ARM Code     100  s1l_cmds_flash.o(.text)
    cmd_load                                 0x00007ad8   ARM Code     704  s1l_cmds_image.o(.text)
    cmd_ls                                   0x00007d98   ARM Code     100  s1l_cmds_image.o(.text)
    cmd_exec                                 0x00007dfc   ARM Code     104  s1l_cmds_image.o(.text)
    cmd_aboot                                0x00007e64   ARM Code     656  s1l_cmds_image.o(.text)
    cmd_boot                                 0x000080f4   ARM Code      48  s1l_cmds_image.o(.text)
    cmd_image_add_commands                   0x00008124   ARM Code      76  s1l_cmds_image.o(.text)
    fat_bmove                                0x00008190   ARM Code      36  s1l_fat.o(.text)
    fat_check_part                           0x000081b4   ARM Code      80  s1l_fat.o(.text)
    fat_check_boot                           0x00008204   ARM Code     580  s1l_fat.o(.text)
    fat_device_init                          0x00008448   ARM Code     184  s1l_fat.o(.text)
    name_check                               0x00008500   ARM Code     128  s1l_fat.o(.text)
    get_next_cluster                         0x00008580   ARM Code     204  s1l_fat.o(.text)
    get_next_f32_dir                         0x0000864c   ARM Code     216  s1l_fat.o(.text)
    get_next_dir                             0x00008724   ARM Code     212  s1l_fat.o(.text)
    find_first_cluster                       0x000087f8   ARM Code     148  s1l_fat.o(.text)
    fat_data_cache_read                      0x0000888c   ARM Code     356  s1l_fat.o(.text)
    fat_init                                 0x000089f0   ARM Code      60  s1l_fat.o(.text)
    fat_deinit                               0x00008a2c   ARM Code      12  s1l_fat.o(.text)
    fat_file_open                            0x00008a38   ARM Code     172  s1l_fat.o(.text)
    fat_file_read                            0x00008ae4   ARM Code       4  s1l_fat.o(.text)
    fat_get_dir                              0x00008ae8   ARM Code     332  s1l_fat.o(.text)
    mem_to_nand                              0x000090c0   ARM Code     348  s1l_image_mngt.o(.text)
    flash_image_save                         0x0000921c   ARM Code     272  s1l_image_mngt.o(.text)
    nand_to_mem                              0x0000932c   ARM Code     356  s1l_image_mngt.o(.text)
    flash_image_load                         0x00009490   ARM Code     148  s1l_image_mngt.o(.text)
    raw_load                                 0x00009524   ARM Code     272  s1l_image_mngt.o(.text)
    srec_parse                               0x00009634   ARM Code     308  s1l_image_mngt.o(.text)
    key_hist_up                              0x000097a8   ARM Code       4  s1l_line_input.o(.text)
    key_hist_down                            0x000097ac   ARM Code       4  s1l_line_input.o(.text)
    key_line_delete                          0x000097b0   ARM Code      64  s1l_line_input.o(.text)
    key_backspace                            0x000097f0   ARM Code      64  s1l_line_input.o(.text)
    key_line_enter                           0x00009830   ARM Code      60  s1l_line_input.o(.text)
    key_textin                               0x0000986c   ARM Code      68  s1l_line_input.o(.text)
    key_esc_handle                           0x000098b0   ARM Code     192  s1l_line_input.o(.text)
    key_esc                                  0x00009970   ARM Code      24  s1l_line_input.o(.text)
    key_command_clear                        0x00009988   ARM Code      24  s1l_line_input.o(.text)
    key_prompt_set                           0x000099a0   ARM Code      16  s1l_line_input.o(.text)
    key_line_init                            0x000099b0   ARM Code      16  s1l_line_input.o(.text)
    key_handle                               0x000099c0   ARM Code     124  s1l_line_input.o(.text)
    key_get_command                          0x00009a3c   ARM Code     100  s1l_line_input.o(.text)
    prompt_yesno                             0x00009aa0   ARM Code      80  s1l_line_input.o(.text)
    memtest_disp_addr                        0x00009b14   ARM Code     236  s1l_memtests.o(.text)
    memtest_pf                               0x00009c00   ARM Code     144  s1l_memtests.o(.text)
    memtest_w10                              0x00009c90   ARM Code     688  s1l_memtests.o(.text)
    memtest_ia                               0x00009f40   ARM Code     348  s1l_memtests.o(.text)
    memtest_pt                               0x0000a09c   ARM Code     384  s1l_memtests.o(.text)
    memory_test                              0x0000a21c   ARM Code     328  s1l_memtests.o(.text)
    bw_test                                  0x0000a364   ARM Code     220  s1l_memtests.o(.text)
    cfg_default                              0x0000a494   ARM Code      60  s1l_sys.o(.text)
    conv_to_sector                           0x0000a4d0   ARM Code      16  s1l_sys.o(.text)
    trap_exception                           0x0000a4e0   ARM Code     240  s1l_sys.o(.text)
    icache_invalid                           0x0000a610   ARM Code       4  sys_hw.o(.text)
    clock_adjust                             0x0000a614   ARM Code     300  sys_hw.o(.text)
    svinfockgood                             0x0000a740   ARM Code      68  sys_hw.o(.text)
    svinfockgen                              0x0000a784   ARM Code      48  sys_hw.o(.text)
    nand_bootloader_update                   0x0000a7d0   ARM Code     552  sys_hw.o(.text)
    nand_kickstart_update                    0x0000a9f8   ARM Code     372  sys_hw.o(.text)
    sys_get                                  0x0000ab6c   ARM Code      92  sys_hw.o(.text)
    sys_save                                 0x0000abc8   ARM Code      64  sys_hw.o(.text)
    c_entry                                  0x0000ac08   ARM Code      32  sys_hw.o(.text)
    cmd_clock                                0x0000ac50   ARM Code     232  sys_hw_cmd_group.o(.text)
    cmd_maddr                                0x0000ad38   ARM Code     264  sys_hw_cmd_group.o(.text)
    cmd_update                               0x0000ae40   ARM Code     240  sys_hw_cmd_group.o(.text)
    cmd_nrsv                                 0x0000af30   ARM Code     128  sys_hw_cmd_group.o(.text)
    cmd_nandrs                               0x0000afb0   ARM Code     404  sys_hw_cmd_group.o(.text)
    hw_cmd_group_init                        0x0000b144   ARM Code      76  sys_hw_cmd_group.o(.text)
    cmd_map                                  0x0000b594   ARM Code      84  sys_mmu_cmd_group.o(.text)
    cmd_inval                                0x0000b5e8   ARM Code      40  sys_mmu_cmd_group.o(.text)
    cmd_dcache                               0x0000b610   ARM Code     108  sys_mmu_cmd_group.o(.text)
    cmd_icache                               0x0000b67c   ARM Code      84  sys_mmu_cmd_group.o(.text)
    cmd_mmuenab                              0x0000b6d0   ARM Code     100  sys_mmu_cmd_group.o(.text)
    mmu_cmd_group_init                       0x0000b734   ARM Code      88  sys_mmu_cmd_group.o(.text)
    blkdev_deinit                            0x0000b9b4   ARM Code      40  sysapi_blkdev.o(.text)
    blkdev_init                              0x0000b9dc   ARM Code     736  sysapi_blkdev.o(.text)
    blkdev_read                              0x0000bcbc   ARM Code      52  sysapi_blkdev.o(.text)
    cfg_save                                 0x0000bd14   ARM Code      60  sysapi_eeprom.o(.text)
    cfg_load                                 0x0000bd50   ARM Code      64  sysapi_eeprom.o(.text)
    cfg_override                             0x0000bd90   ARM Code      36  sysapi_eeprom.o(.text)
    cfg_user_reset                           0x0000bdb4   ARM Code      44  sysapi_eeprom.o(.text)
    flash_init                               0x0000c07c   ARM Code      88  sysapi_flash.o(.text)
    flash_deinit                             0x0000c0d4   ARM Code      32  sysapi_flash.o(.text)
    flash_read_sector                        0x0000c0f4   ARM Code     204  sysapi_flash.o(.text)
    flash_write_sector                       0x0000c1c0   ARM Code     196  sysapi_flash.o(.text)
    flash_erase_block                        0x0000c284   ARM Code     212  sysapi_flash.o(.text)
    flash_is_bad_block                       0x0000c358   ARM Code     264  sysapi_flash.o(.text)
    flash_reserve_block                      0x0000c460   ARM Code     372  sysapi_flash.o(.text)
    flash_is_rsv_block                       0x0000c5d4   ARM Code     272  sysapi_flash.o(.text)
    ucmd_init                                0x0000c778   ARM Code      16  sysapi_misc.o(.text)
    get_seconds                              0x0000c788   ARM Code      12  sysapi_misc.o(.text)
    get_rt_s1lsys_cfg                        0x0000c794   ARM Code      52  sysapi_misc.o(.text)
    sys_up                                   0x0000c7c8   ARM Code     268  sysapi_misc.o(.text)
    sys_down                                 0x0000c8d4   ARM Code      52  sysapi_misc.o(.text)
    cmd_info_extend                          0x0000c908   ARM Code     336  sysapi_misc.o(.text)
    jumptoprog                               0x0000ca58   ARM Code      32  sysapi_misc.o(.text)
    term_dat_send_cb                         0x0000ca78   ARM Code      92  sysapi_termio.o(.text)
    term_dat_recv_cb                         0x0000cad4   ARM Code      76  sysapi_termio.o(.text)
    term_status_cb                           0x0000cb20   ARM Code      44  sysapi_termio.o(.text)
    term_dat_out_len                         0x0000cb4c   ARM Code     140  sysapi_termio.o(.text)
    term_dat_out                             0x0000cbd8   ARM Code      32  sysapi_termio.o(.text)
    term_dat_out_crlf                        0x0000cbf8   ARM Code      20  sysapi_termio.o(.text)
    term_dat_in                              0x0000cc0c   ARM Code     132  sysapi_termio.o(.text)
    term_dat_in_ready                        0x0000cc90   ARM Code      12  sysapi_termio.o(.text)
    term_dat_flush                           0x0000cc9c   ARM Code      20  sysapi_termio.o(.text)
    term_init                                0x0000ccb0   ARM Code     160  sysapi_termio.o(.text)
    term_deinit                              0x0000cd50   ARM Code      28  sysapi_termio.o(.text)
    term_setbaud                             0x0000cd6c   ARM Code      56  sysapi_termio.o(.text)
    term_break                               0x0000cda4   ARM Code      20  sysapi_termio.o(.text)
    time_init                                0x0000cdcc   ARM Code     108  sysapi_timer.o(.text)
    time_reset                               0x0000ce38   ARM Code      32  sysapi_timer.o(.text)
    time_start                               0x0000ce58   ARM Code      32  sysapi_timer.o(.text)
    time_stop                                0x0000ce78   ARM Code      32  sysapi_timer.o(.text)
    time_get                                 0x0000ce98   ARM Code     104  sysapi_timer.o(.text)
    time_get_rate                            0x0000cf00   ARM Code      12  sysapi_timer.o(.text)
    phy3250_dram_init                        0x0000d048   ARM Code     268  phy3250_startup.o(.text)
    phy3250_misc_setup                       0x0000d1a8   ARM Code      56  phy3250_startup.o(.text)
    phy3250_init                             0x0000d1e0   ARM Code     232  phy3250_startup.o(.text)
    __aeabi_uldivmod                         0x0000d2fc   ARM Code       0  lludiv5.o(.text)
    _ll_udiv                                 0x0000d2fc   ARM Code     736  lludiv5.o(.text)
    _ll_udiv_small                           0x0000d35c   ARM Code       0  lludiv5.o(.text)
    _ll_udiv_big                             0x0000d46c   ARM Code       0  lludiv5.o(.text)
    _ll_udiv_ginormous                       0x0000d5a0   ARM Code       0  lludiv5.o(.text)
    _ll_div0                                 0x0000d5c0   ARM Code       0  lludiv5.o(.text)
    __aeabi_memcpy                           0x0000d5dc   ARM Code       0  rt_memcpy.o(.text)
    __rt_memcpy                              0x0000d5dc   ARM Code     212  rt_memcpy.o(.text)
    _memcpy_lastbytes                        0x0000d690   ARM Code       0  rt_memcpy.o(.text)
    __aeabi_memcpy4                          0x0000d6b0   ARM Code       0  rt_memcpy_w.o(.text)
    __aeabi_memcpy8                          0x0000d6b0   ARM Code       0  rt_memcpy_w.o(.text)
    __rt_memcpy_w                            0x0000d6b0   ARM Code     100  rt_memcpy_w.o(.text)
    _memcpy_lastbytes_aligned                0x0000d6fc   ARM Code       0  rt_memcpy_w.o(.text)
    __aeabi_idiv                             0x0000d714   ARM Code       0  aeabi_sdiv.o(.text)
    __aeabi_idivmod                          0x0000d714   ARM Code     384  aeabi_sdiv.o(.text)
    __aeabi_uidiv                            0x0000d894   ARM Code       0  aeabi_sdiv.o(.text_udiv)
    __aeabi_uidivmod                         0x0000d894   ARM Code      28  aeabi_sdiv.o(.text_udiv)
    arm9_exchand                             0x0000d8b0   ARM Code       0  s1l_except.o(EXCEPT)
    mmove                                    0x0000d918   ARM Code       0  s1l_movdat.o(MTEST)
    tt_init_basic                            0x0000d95c   Data         192  phy3250_startup.o(.constdata)
    virtual_tlb_addr                         0x0000e6e0   Data           4  lpc_arm922t_cp15_driver.o(.data)
    clkpwr_base_clk                          0x0000e6f4   Data          34  lpc32xx_clkpwr_driver.o(.data)
    vecarea                                  0x0000e738   Data           4  lpc32xx_intc_driver.o(.data)
    dram_cfg                                 0x0000e748   Data         256  phy3250_board.o(.data)
    islargeblock                             0x0000e848   Data           1  phy3250_nand.o(.data)
    nand_group                               0x0000efc8   Data          16  s1l_cmds_flash.o(.data)
    noflash_msg                              0x0000f427   Data          32  s1l_image_mngt.o(.data)
    blkdeverr_msg                            0x0000f447   Data          27  s1l_image_mngt.o(.data)
    keyescseqs                               0x0000f480   Data          16  s1l_line_input.o(.data)
    keyescfuncs                              0x0000f490   Data          16  s1l_line_input.o(.data)
    key_up                                   0x0000f4c8   Data           3  s1l_line_input.o(.data)
    key_down                                 0x0000f4cb   Data           3  s1l_line_input.o(.data)
    key_del                                  0x0000f4ce   Data           4  s1l_line_input.o(.data)
    menuexit                                 0x0000f72c   Data           4  s1l_sys.o(.data)
    tick_10ms                                0x0000f730   Data           4  sys_hw.o(.data)
    mmu_base_aadr                            0x0000fea0   Data           4  phy3250_startup.o(.data)
    Image$$ER_ZI$$ZI$$Base                   0x0000fea4   Number         0  anon$$obj.o(linker$$defined$$symbols)
    irq_func_ptrs                            0x0000ffe4   Data         384  lpc32xx_intc_driver.o(.bss)
    phyhwdesc                                0x000102f8   Data          40  phy3250_board.o(.bss)
    pFData                                   0x00010334   Data          64  s1l_cmds.o(.bss)
    sysinfo                                  0x00010b30   Data         132  s1l_sys.o(.bss)
    excdata                                  0x00010bb4   Data          64  s1l_sys.o(.bss)
    syscfg                                   0x00010bf4   Data          84  s1l_sys.o(.bss)
    secdat                                   0x00010c48   Data        2112  s1l_sys.o(.bss)
    sys_saved_data                           0x00011488   Data          16  sys_hw.o(.bss)


================================================================================

Memory Map of the image

  Image Entry point : 0x00000000

  Load Region FLASH (Base: 0x00000000, Size: 0x0000fea4, Max: 0xffffffff, ABSOLUTE)

    Execution Region ER_RO (Base: 0x00000000, Size: 0x0000e6e0, Max: 0xffffffff, ABSOLUTE)

    Base Addr    Size         Type   Attr      Idx    E Section Name        Object

    0x00000000   0x000001b8   Code   RO         1192  * STARTUP             phy3250_startup_entry.o
    0x000001b8   0x000004f8   Code   RO           24    .text               lpc_arm922t_cp15_driver.o
    0x000006b0   0x000001dc   Code   RO          206    .text               lpc_line_parser.o
    0x0000088c   0x000003bc   Code   RO          264    .text               lpc_string.o
    0x00000c48   0x000018a4   Code   RO          366    .text               lpc32xx_clkpwr_driver.o
    0x000024ec   0x00000154   Code   RO          388    .text               lpc32xx_gpio_driver.o
    0x00002640   0x00000574   Code   RO          456    .text               lpc32xx_intc_driver.o
    0x00002bb4   0x0000036c   Code   RO          504    .text               lpc32xx_mstimer_driver.o
    0x00002f20   0x00000d70   Code   RO          523    .text               lpc32xx_sdcard_driver.o
    0x00003c90   0x000005a4   Code   RO          562    .text               lpc32xx_ssp_driver.o
    0x00004234   0x00000310   Code   RO          582    .text               lpc32xx_dma_driver.o
    0x00004544   0x0000067c   Code   RO          595    .text               lpc32xx_timer_driver.o
    0x00004bc0   0x0000076c   Code   RO          615    .text               lpc32xx_uart_driver.o
    0x0000532c   0x000000d8   Code   RO          632    .text               lpc32xx_vectors.o
    0x00005404   0x00000420   Code   RO          636    .text               phy3250_board.o
    0x00005824   0x00000974   Code   RO          657    .text               phy3250_nand.o
    0x00006198   0x000003dc   Code   RO          678    .text               s1l_bootmgr.o
    0x00006574   0x00000528   Code   RO          705    .text               s1l_cmds.o
    0x00006a9c   0x00000b0c   Code   RO          734    .text               s1l_cmds_core.o
    0x000075a8   0x00000530   Code   RO          767    .text               s1l_cmds_flash.o
    0x00007ad8   0x000006b8   Code   RO          793    .text               s1l_cmds_image.o
    0x00008190   0x00000abc   Code   RO          820    .text               s1l_fat.o
    0x00008c4c   0x00000b5c   Code   RO          837    .text               s1l_image_mngt.o
    0x000097a8   0x0000036c   Code   RO          860    .text               s1l_line_input.o
    0x00009b14   0x00000980   Code   RO          877    .text               s1l_memtests.o
    0x0000a494   0x0000017c   Code   RO          890    .text               s1l_sys.o
    0x0000a610   0x00000640   Code   RO          916    .text               sys_hw.o
    0x0000ac50   0x0000055c   Code   RO          962    .text               sys_hw_cmd_group.o
    0x0000b1ac   0x00000608   Code   RO         1010    .text               sys_mmu_cmd_group.o
    0x0000b7b4   0x00000560   Code   RO         1030    .text               sysapi_blkdev.o
    0x0000bd14   0x000000d4   Code   RO         1079    .text               sysapi_eeprom.o
    0x0000bde8   0x00000928   Code   RO         1095    .text               sysapi_flash.o
    0x0000c710   0x00000368   Code   RO         1120    .text               sysapi_misc.o
    0x0000ca78   0x00000354   Code   RO         1151    .text               sysapi_termio.o
    0x0000cdcc   0x0000014c   Code   RO         1165    .text               sysapi_timer.o
    0x0000cf18   0x000003e4   Code   RO         1178    .text               phy3250_startup.o
    0x0000d2fc   0x000002e0   Code   RO         1197    .text               lludiv5.o(c_5.l)
    0x0000d5dc   0x000000d4   Code   RO         1199    .text               rt_memcpy.o(c_5.l)
    0x0000d6b0   0x00000064   Code   RO         1201    .text               rt_memcpy_w.o(c_5.l)
    0x0000d714   0x00000180   Code   RO         1203    .text               aeabi_sdiv.o(c_5.l)
    0x0000d894   0x0000001c   Code   RO         1204    .text_udiv          aeabi_sdiv.o(c_5.l)
    0x0000d8b0   0x00000068   Code   RO          910    EXCEPT              s1l_except.o
    0x0000d918   0x00000038   Code   RO          913    MTEST               s1l_movdat.o
    0x0000d950   0x00000002   Data   RO          563    .constdata          lpc32xx_ssp_driver.o
    0x0000d952   0x00000004   Data   RO          596    .constdata          lpc32xx_timer_driver.o
    0x0000d956   0x00000004   Data   RO          616    .constdata          lpc32xx_uart_driver.o
    0x0000d95a   0x00000002   PAD
    0x0000d95c   0x000000c0   Data   RO         1180    .constdata          phy3250_startup.o
    0x0000da1c   0x00000039   Data   RO          707    .conststring        s1l_cmds.o
    0x0000da55   0x0000003f   Data   RO          711    .conststring        s1l_cmds.o
    0x0000da94   0x00000497   Data   RO          736    .conststring        s1l_cmds_core.o
    0x0000df2b   0x00000273   Data   RO          769    .conststring        s1l_cmds_flash.o
    0x0000e19e   0x000001bd   Data   RO          795    .conststring        s1l_cmds_image.o
    0x0000e35b   0x00000193   Data   RO          964    .conststring        sys_hw_cmd_group.o
    0x0000e4ee   0x000001f1   Data   RO         1012    .conststring        sys_mmu_cmd_group.o


    Execution Region ER_RW (Base: 0x0000e6e0, Size: 0x000017c4, Max: 0xffffffff, ABSOLUTE)

    Base Addr    Size         Type   Attr      Idx    E Section Name        Object

    0x0000e6e0   0x00000004   Data   RW           25    .data               lpc_arm922t_cp15_driver.o
    0x0000e6e4   0x0000000e   Data   RW          207    .data               lpc_line_parser.o
    0x0000e6f2   0x00000002   PAD
    0x0000e6f4   0x00000044   Data   RW          367    .data               lpc32xx_clkpwr_driver.o
    0x0000e738   0x00000004   Data   RW          457    .data               lpc32xx_intc_driver.o
    0x0000e73c   0x00000008   Data   RW          505    .data               lpc32xx_mstimer_driver.o
    0x0000e744   0x00000004   Data   RW          637    .data               phy3250_board.o
    0x0000e748   0x00000100   Data   RW          638    .data               phy3250_board.o
    0x0000e848   0x00000001   Data   RW          658    .data               phy3250_nand.o
    0x0000e849   0x00000075   Data   RW          679    .data               s1l_bootmgr.o
    0x0000e8be   0x00000002   PAD
    0x0000e8c0   0x000000f0   Data   RW          706    .data               s1l_cmds.o
    0x0000e9b0   0x00000008   Data   RW          709    .data               s1l_cmds.o
    0x0000e9b8   0x00000018   Data   RW          710    .data               s1l_cmds.o
    0x0000e9d0   0x000004a8   Data   RW          735    .data               s1l_cmds_core.o
    0x0000ee78   0x0000000c   Data   RW          737    .data               s1l_cmds_core.o
    0x0000ee84   0x00000010   Data   RW          738    .data               s1l_cmds_core.o
    0x0000ee94   0x00000010   Data   RW          739    .data               s1l_cmds_core.o
    0x0000eea4   0x00000014   Data   RW          740    .data               s1l_cmds_core.o
    0x0000eeb8   0x00000018   Data   RW          741    .data               s1l_cmds_core.o
    0x0000eed0   0x00000014   Data   RW          742    .data               s1l_cmds_core.o
    0x0000eee4   0x00000010   Data   RW          743    .data               s1l_cmds_core.o
    0x0000eef4   0x00000010   Data   RW          744    .data               s1l_cmds_core.o
    0x0000ef04   0x00000008   Data   RW          745    .data               s1l_cmds_core.o
    0x0000ef0c   0x00000004   Data   RW          746    .data               s1l_cmds_core.o
    0x0000ef10   0x0000000c   Data   RW          747    .data               s1l_cmds_core.o
    0x0000ef1c   0x00000004   Data   RW          748    .data               s1l_cmds_core.o
    0x0000ef20   0x000001f9   Data   RW          768    .data               s1l_cmds_flash.o
    0x0000f119   0x00000003   PAD
    0x0000f11c   0x00000010   Data   RW          770    .data               s1l_cmds_flash.o
    0x0000f12c   0x00000014   Data   RW          771    .data               s1l_cmds_flash.o
    0x0000f140   0x00000014   Data   RW          772    .data               s1l_cmds_flash.o
    0x0000f154   0x00000004   Data   RW          773    .data               s1l_cmds_flash.o
    0x0000f158   0x00000004   Data   RW          774    .data               s1l_cmds_flash.o
    0x0000f15c   0x00000004   Data   RW          775    .data               s1l_cmds_flash.o
    0x0000f160   0x0000000c   Data   RW          776    .data               s1l_cmds_flash.o
    0x0000f16c   0x0000016b   Data   RW          794    .data               s1l_cmds_image.o
    0x0000f2d7   0x00000001   PAD
    0x0000f2d8   0x00000004   Data   RW          796    .data               s1l_cmds_image.o
    0x0000f2dc   0x00000004   Data   RW          797    .data               s1l_cmds_image.o
    0x0000f2e0   0x00000004   Data   RW          798    .data               s1l_cmds_image.o
    0x0000f2e4   0x00000004   Data   RW          799    .data               s1l_cmds_image.o
    0x0000f2e8   0x00000004   Data   RW          800    .data               s1l_cmds_image.o
    0x0000f2ec   0x00000004   Data   RW          821    .data               s1l_fat.o
    0x0000f2f0   0x00000172   Data   RW          838    .data               s1l_image_mngt.o
    0x0000f462   0x00000002   PAD
    0x0000f464   0x00000064   Data   RW          861    .data               s1l_line_input.o
    0x0000f4c8   0x00000003   Data   RW          863    .data               s1l_line_input.o
    0x0000f4cb   0x00000003   Data   RW          864    .data               s1l_line_input.o
    0x0000f4ce   0x00000004   Data   RW          865    .data               s1l_line_input.o
    0x0000f4d2   0x00000002   PAD
    0x0000f4d4   0x000001ac   Data   RW          878    .data               s1l_memtests.o
    0x0000f680   0x000000aa   Data   RW          891    .data               s1l_sys.o
    0x0000f72a   0x00000002   PAD
    0x0000f72c   0x00000004   Data   RW          895    .data               s1l_sys.o
    0x0000f730   0x00000004   Data   RW          918    .data               sys_hw.o
    0x0000f734   0x000002b5   Data   RW          963    .data               sys_hw_cmd_group.o
    0x0000f9e9   0x00000003   PAD
    0x0000f9ec   0x00000010   Data   RW          965    .data               sys_hw_cmd_group.o
    0x0000f9fc   0x00000008   Data   RW          966    .data               sys_hw_cmd_group.o
    0x0000fa04   0x00000008   Data   RW          967    .data               sys_hw_cmd_group.o
    0x0000fa0c   0x0000000c   Data   RW          968    .data               sys_hw_cmd_group.o
    0x0000fa18   0x00000004   Data   RW          969    .data               sys_hw_cmd_group.o
    0x0000fa1c   0x00000232   Data   RW         1011    .data               sys_mmu_cmd_group.o
    0x0000fc4e   0x00000002   PAD
    0x0000fc50   0x00000008   Data   RW         1013    .data               sys_mmu_cmd_group.o
    0x0000fc58   0x00000008   Data   RW         1014    .data               sys_mmu_cmd_group.o
    0x0000fc60   0x00000004   Data   RW         1015    .data               sys_mmu_cmd_group.o
    0x0000fc64   0x00000008   Data   RW         1016    .data               sys_mmu_cmd_group.o
    0x0000fc6c   0x00000014   Data   RW         1017    .data               sys_mmu_cmd_group.o
    0x0000fc80   0x00000004   Data   RW         1018    .data               sys_mmu_cmd_group.o
    0x0000fc84   0x00000158   Data   RW         1031    .data               sysapi_blkdev.o
    0x0000fddc   0x00000004   Data   RW         1096    .data               sysapi_flash.o
    0x0000fde0   0x00000087   Data   RW         1121    .data               sysapi_misc.o
    0x0000fe67   0x00000001   PAD
    0x0000fe68   0x00000024   Data   RW         1152    .data               sysapi_termio.o
    0x0000fe8c   0x00000004   PAD
    0x0000fe90   0x00000010   Data   RW         1166    .data               sysapi_timer.o
    0x0000fea0   0x00000004   Data   RW         1179    .data               phy3250_startup.o


    Execution Region ER_ZI (Base: 0x0000fea4, Size: 0x00001a04, Max: 0xffffffff, ABSOLUTE)

    Base Addr    Size         Type   Attr      Idx    E Section Name        Object

    0x0000fea4   0x00000140   Zero   RW          208    .bss                lpc_line_parser.o
    0x0000ffe4   0x00000180   Zero   RW          458    .bss                lpc32xx_intc_driver.o
    0x00010164   0x00000068   Zero   RW          524    .bss                lpc32xx_sdcard_driver.o
    0x000101cc   0x00000030   Zero   RW          564    .bss                lpc32xx_ssp_driver.o
    0x000101fc   0x0000004c   Zero   RW          583    .bss                lpc32xx_dma_driver.o
    0x00010248   0x00000020   Zero   RW          597    .bss                lpc32xx_timer_driver.o
    0x00010268   0x00000090   Zero   RW          617    .bss                lpc32xx_uart_driver.o
    0x000102f8   0x00000028   Zero   RW          639    .bss                phy3250_board.o
    0x00010320   0x00000014   Zero   RW          659    .bss                phy3250_nand.o
    0x00010334   0x00000040   Zero   RW          708    .bss                s1l_cmds.o
    0x00010374   0x0000069c   Zero   RW          822    .bss                s1l_fat.o
    0x00010a10   0x00000120   Zero   RW          862    .bss                s1l_line_input.o
    0x00010b30   0x000000c4   Zero   RW          892    .bss                s1l_sys.o
    0x00010bf4   0x00000054   Zero   RW          893    .bss                s1l_sys.o
    0x00010c48   0x00000840   Zero   RW          894    .bss                s1l_sys.o
    0x00011488   0x00000010   Zero   RW          917    .bss                sys_hw.o
    0x00011498   0x00000010   Zero   RW         1097    .bss                sysapi_flash.o
    0x000114a8   0x00000400   Zero   RW         1153    .bss                sysapi_termio.o


================================================================================

Image component sizes


      Code (inc. data)   RO Data    RW Data    ZI Data      Debug   Object Name

      6308         84          0         68          0      19183   lpc32xx_clkpwr_driver.o
       784         12          0          0         76       3062   lpc32xx_dma_driver.o
       340          4          0          0          0       1941   lpc32xx_gpio_driver.o
         0          0          0          0          0       6224   lpc32xx_hsuart_driver.o
      1396         68          0          4        384       4916   lpc32xx_intc_driver.o
         0          0          0          0          0       3956   lpc32xx_mlcnand_driver.o
       876          8          0          8          0       4397   lpc32xx_mstimer_driver.o
      3440         60          0          0        104       9833   lpc32xx_sdcard_driver.o
      1444         16          2          0         48       6864   lpc32xx_ssp_driver.o
      1660         24          4          0         32       7868   lpc32xx_timer_driver.o
      1900         32          4          0        144       6059   lpc32xx_uart_driver.o
       216         44          0          0          0        340   lpc32xx_vectors.o
         0          0          0          0          0       2984   lpc_api.o
      1272          4          0          4          0      17066   lpc_arm922t_cp15_driver.o
       476         16          0         14        320       2204   lpc_line_parser.o
       956          0          0          0          0       4367   lpc_string.o
      1056         32          0        260         40       6467   phy3250_board.o
      2420         48          0          1         20       7056   phy3250_nand.o
       996         52        192          4          0       2176   phy3250_startup.o
       440         96          0          0          0        364   phy3250_startup_entry.o
       988         60          0        117          0       4529   s1l_bootmgr.o
      1320         72        120        272         64       6507   s1l_cmds.o
      2828        236       1175       1360          0       8285   s1l_cmds_core.o
      1328         92        627        585          0       4797   s1l_cmds_flash.o
      1720        128        445        383          0       4768   s1l_cmds_image.o
       104          4          0          0          0        252   s1l_except.o
      2748         24          0          4       1692       7087   s1l_fat.o
      2908         64          0        370          0       8675   s1l_image_mngt.o
       876         36          0        110        288       3505   s1l_line_input.o
      2432         84          0        428          0       5597   s1l_memtests.o
        56          0          0          0          0        240   s1l_movdat.o
       380         64          0        174       2392       3247   s1l_sys.o
      1600         40          0          4         16      11810   sys_hw.o
      1372        180        403        741          0       6361   sys_hw_cmd_group.o
      1544        124        497        614          0       4989   sys_mmu_cmd_group.o
      1376         36          0        344          0       6580   sysapi_blkdev.o
       212          8          0          0          0       2949   sysapi_eeprom.o
      2344         44          0          4         16       7090   sysapi_flash.o
       872         92          0        135          0       3709   sysapi_misc.o
       852         20          0         36       1024       3134   sysapi_termio.o
       332         12          0         16          0       1015   sysapi_timer.o

    ------------------------------------------------------------------------
     54172       2020       3472       6084       6660     222456   Object Totals
         0          0          0          0          0          0   (incl. Generated)
         0          0          3         24          0          3   (incl. Padding)

    ------------------------------------------------------------------------

      Code (inc. data)   RO Data    RW Data    ZI Data      Debug   Library Member Name

       412          0          0          0          0          0   aeabi_sdiv.o
       736          0          0          0          0          0   lludiv5.o
       212          0          0          0          0          0   rt_memcpy.o
       100          0          0          0          0          0   rt_memcpy_w.o

    ------------------------------------------------------------------------
      1460          0          0          0          0          0   Library Totals
         0          0          0          0          0          0   (incl. Padding)

    ------------------------------------------------------------------------

      Code (inc. data)   RO Data    RW Data    ZI Data      Debug   Library Name

      1460          0          0          0          0          0   c_5.l

    ------------------------------------------------------------------------
      1460          0          0          0          0          0   Library Totals

    ------------------------------------------------------------------------

================================================================================


      Code (inc. data)   RO Data    RW Data    ZI Data      Debug   

     55632       2020       3472       6084       6660     222456   Grand Totals
     55632       2020       3472       6084       6660     222456   ELF Image Totals
     55632       2020       3472       6084          0          0   ROM Totals

================================================================================

    Total RO  Size (Code + RO Data)                59104 (  57.72kB)
    Total RW  Size (RW Data + ZI Data)             12744 (  12.45kB)
    Total ROM Size (Code + RO Data + RW Data)      65188 (  63.66kB)

================================================================================

